
> frontend@0.0.0 build
> vite build

[36mvite v7.3.1 [32mbuilding client environment for production...[36m[39m
transforming...
[32mΓ£ô[39m 2179 modules transformed.
rendering chunks...
computing gzip size...
[2mdist/[22m[32mindex.html                             [39m[1m[2m  0.77 kB[22m[1m[22m[2m Γöé gzip:   0.36 kB[22m
[2mdist/[22m[35massets/PrivacyPolicyPage-CiB_s_tM.css  [39m[1m[2m  1.54 kB[22m[1m[22m[2m Γöé gzip:   0.57 kB[22m
[2mdist/[22m[35massets/index-Du1rWnMr.css              [39m[1m[2m 69.18 kB[22m[1m[22m[2m Γöé gzip:  10.21 kB[22m
[2mdist/[22m[36massets/TrademarksPage-EkTdKWF_.js      [39m[1m[2m  0.94 kB[22m[1m[22m[2m Γöé gzip:   0.47 kB[22m
[2mdist/[22m[36massets/DisclaimerPage-BWe_K75Z.js      [39m[1m[2m  1.77 kB[22m[1m[22m[2m Γöé gzip:   0.78 kB[22m
[2mdist/[22m[36massets/PrivacyPolicyPage-9iYSignU.js   [39m[1m[2m  2.38 kB[22m[1m[22m[2m Γöé gzip:   0.96 kB[22m
[2mdist/[22m[36massets/CartAndContact-3R4IC3jC.js      [39m[1m[2m  4.42 kB[22m[1m[22m[2m Γöé gzip:   1.66 kB[22m
[2mdist/[22m[36massets/EstimationSection-gdGURmhI.js   [39m[1m[2m  4.66 kB[22m[1m[22m[2m Γöé gzip:   1.72 kB[22m
[2mdist/[22m[36massets/ServicesPage-C-1n6s0s.js        [39m[1m[2m  5.20 kB[22m[1m[22m[2m Γöé gzip:   1.80 kB[22m
[2mdist/[22m[36massets/ContactPage-CzlGXdTy.js         [39m[1m[2m  5.31 kB[22m[1m[22m[2m Γöé gzip:   1.80 kB[22m
[2mdist/[22m[36massets/ProjectsPage-L7UYHmL3.js        [39m[1m[2m  6.39 kB[22m[1m[22m[2m Γöé gzip:   2.28 kB[22m
[2mdist/[22m[36massets/ProjectDetailPage-Bvx0Pk1C.js   [39m[1m[2m 10.18 kB[22m[1m[22m[2m Γöé gzip:   2.59 kB[22m
[2mdist/[22m[36massets/index-aJVv7Hkt.js               [39m[1m[2m 18.60 kB[22m[1m[22m[2m Γöé gzip:   5.83 kB[22m
[2mdist/[22m[36massets/HomePage-DZNw54Th.js            [39m[1m[2m 22.39 kB[22m[1m[22m[2m Γöé gzip:   5.20 kB[22m
[2mdist/[22m[36massets/AboutUs-CWD2lK4c.js             [39m[1m[2m 41.96 kB[22m[1m[22m[2m Γöé gzip:   7.69 kB[22m
[2mdist/[22m[36massets/vendor-CeyUOlYm.js              [39m[1m[2m 75.12 kB[22m[1m[22m[2m Γöé gzip:  28.56 kB[22m
[2mdist/[22m[36massets/vendor-animation-B3Qu3PMY.js    [39m[1m[2m188.94 kB[22m[1m[22m[2m Γöé gzip:  68.86 kB[22m
[2mdist/[22m[36massets/vendor-react-rB8Ahjn_.js        [39m[1m[2m228.30 kB[22m[1m[22m[2m Γöé gzip:  73.13 kB[22m
[2mdist/[22m[36massets/vendor-icons-DZsx-ea5.js        [39m[1m[2m574.74 kB[22m[1m[22m[2m Γöé gzip: 152.32 kB[22m
[32mΓ£ô built in 21.45s[39m
