  return super().execute(query, params)
           ~~~~~~~~~~~~~~~^^^^^^^^^^^^^^^
django.db.utils.OperationalError: no such table: contact_contactsubmission
[21/Jan/2026 12:52:36] "POST /api/contact/ HTTP/1.1" 500 214424Testing Chatbot API at: http://127.0.0.1:8000/api/chatbot/
Status Code: 200
Success! Response: {'response': "Error processing request: Error code: 400 - {'error': {'message': 'google/gemini-1.5-flash is not a valid model ID', 'code': 400}, 'user_id': 'user_37b47hilQPQOLNBm6XOyuUNnmG5'}", 'id': 23}
